ERROR ~ No such file or directory: Can't find a matching module file for include: ../../../modules/nf-core/mafft/main

 -- Check script '/Users/dadiaa/projects/dev/ampliseq/./workflows/../subworkflows/nf-core/fasta_newick_epang_gappa/main.nf' at line: 9 or see '/Users/dadiaa/projects/dev/ampliseq/.nf-test/tests/b7094d2b2e320a992bb8ea82e47644bd/meta/nextflow.log' file for more details
