ERROR ~ No such file or directory: Can't find a matching module file for include: ../../../modules/nf-core/mafft/main

 -- Check script '/Users/dadiaa/projects/dev/ampliseq/./workflows/../subworkflows/nf-core/fasta_newick_epang_gappa/main.nf' at line: 9 or see '/Users/dadiaa/projects/dev/ampliseq/.nf-test/tests/13c6821dd7075d34f4ced1f1f9df054e/meta/nextflow.log' file for more details
