ERROR ~ No such file or directory: Can't find a matching module file for include: ../../../modules/nf-core/mafft/main

 -- Check script '/Users/dadiaa/projects/dev/ampliseq/./workflows/../subworkflows/nf-core/fasta_newick_epang_gappa/main.nf' at line: 9 or see '/Users/dadiaa/projects/dev/ampliseq/.nf-test/tests/b2cfb6b0bdcef3f1db8624d552137e5d/meta/nextflow.log' file for more details
